├
├── app
│   ├── Procfile
│   ├── __init__.py
│   ├── __pycache__
│   │   ├── __init__.cpython-312.pyc
│   │   ├── db.cpython-312.pyc
│   │   ├── db_utils.cpython-312.pyc
│   │   ├── models.cpython-312.pyc
│   │   └── routes.cpython-312.pyc
│   ├── db.py
│   ├── from app import db.py
│   ├── imagens
│   │   └── Resolvidodownload.jpg
│   ├── models.py
│   ├── relatorios
│   │   ├── __init__.py
│   │   ├── __pycache__
│   │   │   ├── __init__.cpython-312.pyc
│   │   │   ├── pdf_report.cpython-312.pyc
│   │   │   └── relatorio.cpython-312.pyc
│   │   ├── pdf_report.py
│   │   ├── relatorio.py
│   │   └── relatorio_os_cliente.py_
│   ├── routes.py
│   ├── static
│   │   ├── css
│   │   └── js
│   ├── templates
│   │   ├── alterar_os.html
│   │   ├── base.html
│   │   ├── base_login.html
│   │   ├── cadastro_usuario.html
│   │   ├── consultar_os.html
│   │   ├── consultar_usuarios.html
│   │   ├── dashboard.html
│   │   ├── editar_usuario.html
│   │   ├── login.html
│   │   ├── nova_os.html
│   │   ├── relatorio_os_cliente.html
│   │   └── relatorio_os_cliente_pdf.html
│   ├── util
│   │   └── utils.py
│   └── wsgi.py
├── banco
│   └── solicitacoes.db
├── estrutura_projeto.log
├── instance
├── package_install
│   ├── gtk3-runtime-3.24.31-2022-01-04-ts-win64.exe
│   └── wkhtmltox-0.12.6-1.msvc2015-win64.exe
├── readme.txt
├── requirements.txt
├── run.py
└── venv
    ├── Include
    │   └── site
    │       └── python3.12
    ├── Lib
    │   └── site-packages
    │       ├── Flask_Login-0.6.3.dist-info
    │       ├── MarkupSafe-3.0.2.dist-info
    │       ├── PIL
    │       ├── __pycache__
    │       ├── blinker
    │       ├── blinker-1.9.0.dist-info
    │       ├── charset_normalizer
    │       ├── charset_normalizer-3.4.2.dist-info
    │       ├── click
    │       ├── click-8.2.1.dist-info
    │       ├── colorama
    │       ├── colorama-0.4.6.dist-info
    │       ├── flask
    │       ├── flask-3.1.1.dist-info
    │       ├── flask_login
    │       ├── flask_sqlalchemy
    │       ├── flask_sqlalchemy-3.1.1.dist-info
    │       ├── greenlet
    │       ├── greenlet-3.2.3.dist-info
    │       ├── itsdangerous
    │       ├── itsdangerous-2.2.0.dist-info
    │       ├── jinja2
    │       ├── jinja2-3.1.6.dist-info
    │       ├── markupsafe
    │       ├── pillow-11.2.1.dist-info
    │       ├── pip
    │       ├── pip-24.0.dist-info
    │       ├── reportlab
    │       ├── reportlab-4.4.2.dist-info
    │       ├── sqlalchemy
    │       ├── sqlalchemy-2.0.41.dist-info
    │       ├── typing_extensions-4.14.0.dist-info
    │       ├── typing_extensions.py
    │       ├── werkzeug
    │       └── werkzeug-3.1.3.dist-info
    ├── Scripts
    │   ├── Activate.ps1
    │   ├── activate
    │   ├── activate.bat
    │   ├── deactivate.bat
    │   ├── flask.exe
    │   ├── normalizer.exe
    │   ├── pip.exe
    │   ├── pip3.12.exe
    │   ├── pip3.exe
    │   ├── python.exe
    │   └── pythonw.exe
    └── pyvenv.cfg